MPLINK 5.08, LINKER
Linker Map File - Created Mon May 01 10:14:40 2017

                                 Section Info
                  Section       Type    Address   Location Size(Bytes)
                ---------  ---------  ---------  ---------  ---------
                   .org_0       code   0x000000    program   0x000004
                   .cinit    romdata   0x000004    program   0x000002
                   .org_1       code   0x002000    program   0x000000
                   .org_2       code   0x002018    program   0x000046
.config_300000_BUILD/DEFAULT/PRODUCTION/OUTPUT.    romdata   0x300000    program   0x000001
.config_300001_BUILD/DEFAULT/PRODUCTION/OUTPUT.    romdata   0x300001    program   0x000001
.config_300005_BUILD/DEFAULT/PRODUCTION/OUTPUT.    romdata   0x300005    program   0x000001
.config_300006_BUILD/DEFAULT/PRODUCTION/OUTPUT.    romdata   0x300006    program   0x000001
.config_300008_BUILD/DEFAULT/PRODUCTION/OUTPUT.    romdata   0x300008    program   0x000001
.config_300009_BUILD/DEFAULT/PRODUCTION/OUTPUT.    romdata   0x300009    program   0x000001
.config_30000A_BUILD/DEFAULT/PRODUCTION/OUTPUT.    romdata   0x30000a    program   0x000001
.config_30000B_BUILD/DEFAULT/PRODUCTION/OUTPUT.    romdata   0x30000b    program   0x000001
.config_30000C_BUILD/DEFAULT/PRODUCTION/OUTPUT.    romdata   0x30000c    program   0x000001
.config_30000D_BUILD/DEFAULT/PRODUCTION/OUTPUT.    romdata   0x30000d    program   0x000001



                              Program Memory Usage 
                               Start         End      
                           ---------   ---------      
                            0x000000    0x000005      
                            0x002018    0x00205d      
                            0x300000    0x300001      
                            0x300005    0x300006      
                            0x300008    0x30000d      
            86 out of 33048 program addresses used, program memory utilization is 0%



                              Symbols - Sorted by Name
                     Name    Address   Location    Storage File                     
                ---------  ---------  ---------  --------- ---------                
                INITPORTS   0x002000    program     static H:\MPLAB\Grade11\Assembly\Output-asm\Output.asm
                     MAIN   0x002058    program     static H:\MPLAB\Grade11\Assembly\Output-asm\Output.asm



                              Symbols - Sorted by Address
                     Name    Address   Location    Storage File                     
                ---------  ---------  ---------  --------- ---------                
                INITPORTS   0x002000    program     static H:\MPLAB\Grade11\Assembly\Output-asm\Output.asm
                     MAIN   0x002058    program     static H:\MPLAB\Grade11\Assembly\Output-asm\Output.asm


